// Jest Snapshot v1, https://goo.gl/fbAQLP

exports[`Camera initialization is done 1`] = `null`;
